
> build
> vite build

node.exe : [33mThe plugin "vite-tsconfig-paths" is detected. Vite now 
supports tsconfig paths resolution natively via the 
[1mresolve.tsconfigPaths[22m option. You can remove the plugin and set 
[1mresolve.tsconfigPaths: true[22m in your Vite config instead.[39m
At C:\Program Files\nodejs\npm.ps1:29 char:3
+   & $NODE_EXE $NPM_CLI_JS $args
+   ~~~~~~~~~~~~~~~~~~~~~~~~~~~~~
    + CategoryInfo          : NotSpecified: ([33mThe plugin...g instead.[39m 
   :String) [], RemoteException
    + FullyQualifiedErrorId : NativeCommandError
 
[36mvite v8.1.3 [32mbuilding client environment for production...[36m[39m
[2K
transforming...ظ£ô 2396 modules transformed.
rendering chunks...
computing gzip size...
.output/public/assets/styles-BJa9TG6m.css              130.35 kB ظ¤é gzip:  20.26 kB
.output/public/assets/route-D-YTyL7F.js                  0.14 kB ظ¤é gzip:   0.13 kB
.output/public/assets/arrow-left-a4Z7N8o5.js             0.15 kB ظ¤é gzip:   0.15 kB
.output/public/assets/projects._slug-D7J2eHKJ.js         0.18 kB ظ¤é gzip:   0.17 kB
.output/public/assets/projects._slug-B0VokNoB.js         0.19 kB ظ¤é gzip:   0.17 kB
.output/public/assets/dubai-pVt6VkcU.js                  0.53 kB ظ¤é gzip:   0.33 kB
.output/public/assets/label-BFxTLXJD.js                  1.02 kB ظ¤é gzip:   0.61 kB
.output/public/assets/jsx-runtime-CZcjcDnw.js            1.25 kB ظ¤é gzip:   0.69 kB
.output/public/assets/developers.index-BEuABSPO.js       1.26 kB ظ¤é gzip:   0.59 kB
.output/public/assets/wallet-ikhoC0H8.js                 1.61 kB ظ¤é gzip:   0.68 kB
.output/public/assets/communities.index-D3jF97bd.js      1.72 kB ظ¤é gzip:   0.77 kB
.output/public/assets/auth-te4p0jkH.js                   1.85 kB ظ¤é gzip:   0.87 kB
.output/public/assets/use-projects-BUakOqZj.js           3.70 kB ظ¤é gzip:   1.34 kB
.output/public/assets/projects._slug-Bo5Opm2I.js         5.47 kB ظ¤é gzip:   1.84 kB
.output/public/assets/admin-B6_eTAEm.js                 17.91 kB ظ¤é gzip:   5.72 kB
.output/public/assets/useStore-Du5NM818.js              26.72 kB ظ¤é gzip:   9.50 kB
.output/public/assets/AppNavbar-B2MldlQG.js             46.71 kB ظ¤é gzip:  15.97 kB
.output/public/assets/index-BzZP-Bwz.js                558.64 kB ظ¤é gzip: 161.96 kB
.output/public/assets/routes-Cs8runM3.js               838.30 kB ظ¤é gzip: 227.82 kB
.output/public/assets/use-map-config-C3bYDfBv.js     1,803.24 kB ظ¤é gzip: 493.88 kB

[33m[33m[PLUGIN_TIMINGS] [0mYour build spent significant time in plugins. 
Here is a breakdown:
  - tanstack-start-core:import-protection (64%)
  - vite-tsconfig-paths (36%)
See https://rolldown.rs/reference/InputOptions.checks#plugintimings for more 
details.
[39m
[33m[plugin builtin:vite-reporter] 
(!) Some chunks are larger than 500 kB after minification. Consider:
- Using dynamic import() to code-split the application
- Use build.rolldownOptions.output.codeSplitting to improve chunking: 
https://rolldown.rs/reference/OutputOptions.codeSplitting
- Adjust chunk size limit for this warning via 
build.chunkSizeWarningLimit.[39m
[32mظ£ô built in 2m 36s[39m
[36mvite v8.1.3 [32mbuilding ssr environment for production...[36m[39m
[2K
transforming...ظ£ô 113 modules transformed.
rendering chunks...
computing gzip size...
node_modules/.nitro/vite/services/ssr/assets/styles-BJa9TG6m.css                                130.35 kB ظ¤é gzip: 20.26 kB
node_modules/.nitro/vite/services/ssr/assets/empty-plugin-adapters-D9UWiqvJ.js                    0.22 kB ظ¤é gzip:  0.16 kB
node_modules/.nitro/vite/services/ssr/assets/route-Di7iQBCH.js                                    0.26 kB ظ¤é gzip:  0.19 kB
node_modules/.nitro/vite/services/ssr/assets/projects._slug-92KS84DX.js                           0.32 kB ظ¤é gzip:  0.24 kB
node_modules/.nitro/vite/services/ssr/assets/projects._slug-Brpb_hoA.js                           0.33 kB ظ¤é gzip:  0.24 kB
node_modules/.nitro/vite/services/ssr/assets/label-7hPWuKYN.js                                    0.64 kB ظ¤é gzip:  0.39 kB
node_modules/.nitro/vite/services/ssr/assets/__23tanstack-start-server-fn-resolver-CqKzpbFl.js    0.78 kB ظ¤é gzip:  0.42 kB
node_modules/.nitro/vite/services/ssr/assets/projects._slug-BfsFV635.js                           0.89 kB ظ¤é gzip:  0.42 kB
node_modules/.nitro/vite/services/ssr/assets/dubai-OKtclxM0.js                                    0.93 kB ظ¤é gzip:  0.49 kB
node_modules/.nitro/vite/services/ssr/assets/config.functions-DnQdKfvD.js                         0.99 kB ظ¤é gzip:  0.56 kB
node_modules/.nitro/vite/services/ssr/assets/start-CVdFxgs-.js                                    1.07 kB ظ¤é gzip:  0.56 kB
node_modules/.nitro/vite/services/ssr/assets/client-CK8o16mA.js                                   1.56 kB ظ¤é gzip:  0.85 kB
node_modules/.nitro/vite/services/ssr/assets/createStart-Dt05N14y.js                              1.65 kB ظ¤é gzip:  0.57 kB
node_modules/.nitro/vite/services/ssr/assets/use-map-config-CvYge7g_.js                           1.68 kB ظ¤é gzip:  0.79 kB
node_modules/.nitro/vite/services/ssr/assets/developers.index-8eRIg6pB.js                         2.00 kB ظ¤é gzip:  0.77 kB
node_modules/.nitro/vite/services/ssr/assets/communities.index-Dqz7oDnV.js                        2.67 kB ظ¤é gzip:  0.99 kB
node_modules/.nitro/vite/services/ssr/assets/_tanstack-start-manifest_v-7obkb-Og.js               2.71 kB ظ¤é gzip:  0.70 kB
node_modules/.nitro/vite/services/ssr/assets/auth-CtCakVZv.js                                     3.00 kB ظ¤é gzip:  1.10 kB
node_modules/.nitro/vite/services/ssr/index.js                                                    3.41 kB ظ¤é gzip:  1.46 kB
node_modules/.nitro/vite/services/ssr/assets/use-projects-BnknakCc.js                             5.41 kB ظ¤é gzip:  1.67 kB
node_modules/.nitro/vite/services/ssr/assets/projects._slug-7Ud9AB8v.js                           7.42 kB ظ¤é gzip:  1.95 kB
node_modules/.nitro/vite/services/ssr/assets/AppNavbar-sxwcS-Kh.js                                7.92 kB ظ¤é gzip:  2.72 kB
node_modules/.nitro/vite/services/ssr/assets/router-BcsPQgO5.js                                   9.86 kB ظ¤é gzip:  2.98 kB
node_modules/.nitro/vite/services/ssr/assets/esm-Dova13aH.js                                     12.61 kB ظ¤é gzip:  3.72 kB
node_modules/.nitro/vite/services/ssr/assets/admin-BgkgUauv.js                                   26.70 kB ظ¤é gzip:  6.48 kB
node_modules/.nitro/vite/services/ssr/assets/server-oyu3wchX.js                                  52.71 kB ظ¤é gzip: 13.63 kB
node_modules/.nitro/vite/services/ssr/assets/routes-Chf_HODg.js                                 181.96 kB ظ¤é gzip: 43.80 kB

[33m[33m[PLUGIN_TIMINGS] [0mYour build spent significant time in plugins. 
Here is a breakdown:
  - tanstack-start-core:import-protection (42%)
  - vite-tsconfig-paths (16%)
  - tanstack-start-core:import-protection-transform-cache (14%)
  - rolldown:vite-resolve (10%)
  - tanstack-router:code-splitter:compile-reference-file (6%)
See https://rolldown.rs/reference/InputOptions.checks#plugintimings for more 
details.
[39m
[32mظ£ô built in 15.71s[39m

[90m[[90mnitro[90m][39m [35mظù[39m Building [[35mNitro[39m] [2m(preset: [36mcloudflare-module[39m, compatibility: [36m2026-07-11[39m)[22m
[90m[[90mnitro[90m][39m [32mظ£¤[39m Generated public [36m.output/public[39m
[36mvite v8.1.3 [32mbuilding nitro environment for production...[36m[39m

[43m[30m WARN [39m[49m [36minlineDynamicImports[39m option is ignored 
because the [36mcodeSplitting[39m option is specified.

[2K
transforming...ظ£ô 2404 modules transformed.
rendering chunks...
computing gzip size...
.output/server/_ssr/empty-plugin-adapters-D9UWiqvJ.mjs                 0.23 kB ظ¤é gzip:   0.16 kB
.output/server/_ssr/route-Di7iQBCH.mjs                                 0.41 kB ظ¤é gzip:   0.26 kB
.output/server/_ssr/projects._slug-92KS84DX.mjs                        0.45 kB ظ¤é gzip:   0.31 kB
.output/server/_ssr/projects._slug-Brpb_hoA.mjs                        0.46 kB ظ¤é gzip:   0.31 kB
.output/server/_chunks/ssr-renderer.mjs                                0.60 kB ظ¤é gzip:   0.36 kB
.output/server/__23tanstack-start-server-fn-resolver-CqKzpbFl.mjs      0.84 kB ظ¤é gzip:   0.46 kB
.output/server/_ssr/label-7hPWuKYN.mjs                                 0.91 kB ظ¤é gzip:   0.47 kB
.output/server/_ssr/projects._slug-BfsFV635.mjs                        0.96 kB ظ¤é gzip:   0.47 kB
.output/server/_ssr/dubai-OKtclxM0.mjs                                 0.97 kB ظ¤é gzip:   0.52 kB
.output/server/_ssr/config.functions-DnQdKfvD.mjs                      0.98 kB ظ¤é gzip:   0.56 kB
.output/server/_ssr/start-CVdFxgs-.mjs                                 1.06 kB ظ¤é gzip:   0.57 kB
.output/server/_libs/hookable.mjs                                      1.16 kB ظ¤é gzip:   0.51 kB
.output/server/_ssr/createStart-Dt05N14y.mjs                           1.56 kB ظ¤é gzip:   0.57 kB
.output/server/_ssr/client-CK8o16mA.mjs                                1.61 kB ظ¤é gzip:   0.89 kB
.output/server/_ssr/use-map-config-CvYge7g_.mjs                        1.72 kB ظ¤é gzip:   0.86 kB
.output/server/_runtime.mjs                                            1.75 kB ظ¤é gzip:   0.79 kB
.output/server/_libs/zustand.mjs                                       1.91 kB ظ¤é gzip:   0.72 kB
.output/server/_ssr/developers.index-8eRIg6pB.mjs                      2.42 kB ظ¤é gzip:   0.84 kB
.output/server/_tanstack-start-manifest_v-7obkb-Og.mjs                 2.77 kB ظ¤é gzip:   0.73 kB
.output/server/_libs/class-variance-authority+clsx.mjs                 3.17 kB ظ¤é gzip:   1.24 kB
.output/server/_ssr/communities.index-Dqz7oDnV.mjs                     3.19 kB ظ¤é gzip:   1.07 kB
.output/server/_ssr/ssr.mjs                                            3.34 kB ظ¤é gzip:   1.46 kB
.output/server/_ssr/auth-CtCakVZv.mjs                                  3.73 kB ظ¤é gzip:   1.22 kB
.output/server/_ssr/use-projects-BnknakCc.mjs                          5.47 kB ظ¤é gzip:   1.71 kB
.output/server/_libs/tanstack__react-query.mjs                         6.41 kB ظ¤é gzip:   1.80 kB
.output/server/_ssr/AppNavbar-sxwcS-Kh.mjs                             8.63 kB ظ¤é gzip:   2.82 kB
.output/server/_ssr/projects._slug-7Ud9AB8v.mjs                        8.90 kB ظ¤é gzip:   2.06 kB
.output/server/_libs/h3-v2+rou3.mjs                                    9.81 kB ظ¤é gzip:   3.05 kB
.output/server/_ssr/router-BcsPQgO5.mjs                               10.36 kB ظ¤é gzip:   3.07 kB
.output/server/_ssr/esm-Dova13aH.mjs                                  11.93 kB ظ¤é gzip:   3.69 kB
.output/server/_libs/tanstack__history.mjs                            12.09 kB ظ¤é gzip:   3.48 kB
.output/server/_libs/supabase__functions-js.mjs                       12.11 kB ظ¤é gzip:   3.31 kB
.output/server/_libs/@radix-ui/react-label+[...].mjs                  13.81 kB ظ¤é gzip:   3.90 kB
.output/server/_libs/h3+rou3+srvx.mjs                                 14.70 kB ظ¤é gzip:   4.40 kB
.output/server/index.mjs                                              15.13 kB ظ¤é gzip:   4.50 kB
.output/server/_libs/@radix-ui/react-compose-refs+[...].mjs           16.53 kB ظ¤é gzip:   4.58 kB
.output/server/_libs/lucide-react.mjs                                 21.57 kB ظ¤é gzip:   4.36 kB
.output/server/_ssr/admin-BgkgUauv.mjs                                30.37 kB ظ¤é gzip:   6.65 kB
.output/server/_libs/supabase__supabase-js.mjs                        34.04 kB ظ¤é gzip:   9.94 kB
.output/server/_libs/supabase__phoenix.mjs                            49.12 kB ظ¤é gzip:  12.36 kB
.output/server/_ssr/server-oyu3wchX.mjs                               51.71 kB ظ¤é gzip:  13.54 kB
.output/server/_libs/sonner.mjs                                       51.97 kB ظ¤é gzip:  11.78 kB
.output/server/_libs/tanstack__query-core.mjs                         62.61 kB ظ¤é gzip:  13.45 kB
.output/server/_libs/supabase__realtime-js+unenv.mjs                  77.83 kB ظ¤é gzip:  19.86 kB
.output/server/_libs/@tanstack/router-core+[...].mjs                  79.34 kB ظ¤é gzip:  19.96 kB
.output/server/_libs/tailwind-merge.mjs                               88.13 kB ظ¤é gzip:  15.66 kB
.output/server/_libs/supabase__postgrest-js.mjs                      105.41 kB ظ¤é gzip:  21.66 kB
.output/server/_libs/@supabase/storage-js+[...].mjs                  118.94 kB ظ¤é gzip:  22.11 kB
.output/server/_ssr/routes-Chf_HODg.mjs                              185.98 kB ظ¤é gzip:  44.01 kB
.output/server/_libs/supabase__auth-js+tslib.mjs                     303.10 kB ظ¤é gzip:  60.60 kB
.output/server/_libs/framer-motion.mjs                               357.57 kB ظ¤é gzip:  93.29 kB
.output/server/_libs/@tanstack/react-router+[...].mjs                657.47 kB ظ¤é gzip: 138.59 kB
.output/server/_libs/three.mjs                                     1,424.91 kB ظ¤é gzip: 287.89 kB
.output/server/_libs/mapbox-gl.mjs                                 2,364.06 kB ظ¤é gzip: 553.37 kB

[33m[33m[PLUGIN_TIMINGS] [0mYour build spent significant time in plugins. 
Here is a breakdown:
  - vite-tsconfig-paths (88%)
  - replace (8%)
See https://rolldown.rs/reference/InputOptions.checks#plugintimings for more 
details.
[39m
[32mظ£ô built in 21.37s[39m
[90m[[90mnitro[90m][39m [36mظ╣[39m Using auto generated worker name: [36mtabdo2048-alt-dubai-skyview[39m
[36mظ╣[39m Generated [36m.output/server/wrangler.json[39m
[36mظ╣[39m Generated [36m.wrangler/deploy/config.json[39m
[36mظ╣[39m Generated [36m.output/public/_headers[39m
[36mظ╣[39m Generated [36m.output/nitro.json[39m

[90m[[90mnitro[90m][39m [32mظ£¤[39m You can preview this build using [36mnpx vite preview[39m
[90m[[90mnitro[90m][39m [32mظ£¤[39m You can deploy this build using [36mnpx nitro deploy --prebuilt[39m
